

================================================================
== Vivado HLS Report for 'mul1'
================================================================
* Date:           Thu Feb  4 11:36:52 2021

* Version:        2018.2 (Build 2258646 on Thu Jun 14 20:25:20 MDT 2018)
* Project:        Mul
* Solution:       solution1
* Product family: aartix7
* Target device:  xa7a12tcsg325-1q


================================================================
== Performance Estimates
================================================================
+ Timing (ns): 
    * Summary: 
    +--------+-------+----------+------------+
    |  Clock | Target| Estimated| Uncertainty|
    +--------+-------+----------+------------+
    |ap_clk  |  10.00|     8.470|        1.25|
    +--------+-------+----------+------------+

+ Latency (clock cycles): 
    * Summary: 
    +------+------+------+------+---------+
    |   Latency   |   Interval  | Pipeline|
    |  min |  max |  min |  max |   Type  |
    +------+------+------+------+---------+
    |  2112|  2112|  2112|  2112|   none  |
    +------+------+------+------+---------+

    + Detail: 
        * Instance: 
        N/A

        * Loop: 
        +-----------+-----+-----+----------+-----------+-----------+------+----------+
        |           |  Latency  | Iteration|  Initiation Interval  | Trip |          |
        | Loop Name | min | max |  Latency |  achieved |   target  | Count| Pipelined|
        +-----------+-----+-----+----------+-----------+-----------+------+----------+
        |- Loop 1   |   32|   32|         4|          -|          -|     8|    no    |
        |- Loop 2   |   32|   32|         4|          -|          -|     8|    no    |
        |- Loop 3   |   32|   32|         4|          -|          -|     8|    no    |
        |- Loop 4   |   32|   32|         4|          -|          -|     8|    no    |
        |- Loop 5   |   32|   32|         4|          -|          -|     8|    no    |
        |- Loop 6   |   32|   32|         4|          -|          -|     8|    no    |
        |- Loop 7   |   32|   32|         4|          -|          -|     8|    no    |
        |- Loop 8   |   32|   32|         4|          -|          -|     8|    no    |
        |- Loop 9   |   32|   32|         4|          -|          -|     8|    no    |
        |- Loop 10  |   32|   32|         4|          -|          -|     8|    no    |
        |- Loop 11  |   32|   32|         4|          -|          -|     8|    no    |
        |- Loop 12  |   32|   32|         4|          -|          -|     8|    no    |
        |- Loop 13  |   32|   32|         4|          -|          -|     8|    no    |
        |- Loop 14  |   32|   32|         4|          -|          -|     8|    no    |
        |- Loop 15  |   32|   32|         4|          -|          -|     8|    no    |
        |- Loop 16  |   32|   32|         4|          -|          -|     8|    no    |
        |- Loop 17  |   32|   32|         4|          -|          -|     8|    no    |
        |- Loop 18  |   32|   32|         4|          -|          -|     8|    no    |
        |- Loop 19  |   32|   32|         4|          -|          -|     8|    no    |
        |- Loop 20  |   32|   32|         4|          -|          -|     8|    no    |
        |- Loop 21  |   32|   32|         4|          -|          -|     8|    no    |
        |- Loop 22  |   32|   32|         4|          -|          -|     8|    no    |
        |- Loop 23  |   32|   32|         4|          -|          -|     8|    no    |
        |- Loop 24  |   32|   32|         4|          -|          -|     8|    no    |
        |- Loop 25  |   32|   32|         4|          -|          -|     8|    no    |
        |- Loop 26  |   32|   32|         4|          -|          -|     8|    no    |
        |- Loop 27  |   32|   32|         4|          -|          -|     8|    no    |
        |- Loop 28  |   32|   32|         4|          -|          -|     8|    no    |
        |- Loop 29  |   32|   32|         4|          -|          -|     8|    no    |
        |- Loop 30  |   32|   32|         4|          -|          -|     8|    no    |
        |- Loop 31  |   32|   32|         4|          -|          -|     8|    no    |
        |- Loop 32  |   32|   32|         4|          -|          -|     8|    no    |
        |- Loop 33  |   32|   32|         4|          -|          -|     8|    no    |
        |- Loop 34  |   32|   32|         4|          -|          -|     8|    no    |
        |- Loop 35  |   32|   32|         4|          -|          -|     8|    no    |
        |- Loop 36  |   32|   32|         4|          -|          -|     8|    no    |
        |- Loop 37  |   32|   32|         4|          -|          -|     8|    no    |
        |- Loop 38  |   32|   32|         4|          -|          -|     8|    no    |
        |- Loop 39  |   32|   32|         4|          -|          -|     8|    no    |
        |- Loop 40  |   32|   32|         4|          -|          -|     8|    no    |
        |- Loop 41  |   32|   32|         4|          -|          -|     8|    no    |
        |- Loop 42  |   32|   32|         4|          -|          -|     8|    no    |
        |- Loop 43  |   32|   32|         4|          -|          -|     8|    no    |
        |- Loop 44  |   32|   32|         4|          -|          -|     8|    no    |
        |- Loop 45  |   32|   32|         4|          -|          -|     8|    no    |
        |- Loop 46  |   32|   32|         4|          -|          -|     8|    no    |
        |- Loop 47  |   32|   32|         4|          -|          -|     8|    no    |
        |- Loop 48  |   32|   32|         4|          -|          -|     8|    no    |
        |- Loop 49  |   32|   32|         4|          -|          -|     8|    no    |
        |- Loop 50  |   32|   32|         4|          -|          -|     8|    no    |
        |- Loop 51  |   32|   32|         4|          -|          -|     8|    no    |
        |- Loop 52  |   32|   32|         4|          -|          -|     8|    no    |
        |- Loop 53  |   32|   32|         4|          -|          -|     8|    no    |
        |- Loop 54  |   32|   32|         4|          -|          -|     8|    no    |
        |- Loop 55  |   32|   32|         4|          -|          -|     8|    no    |
        |- Loop 56  |   32|   32|         4|          -|          -|     8|    no    |
        |- Loop 57  |   32|   32|         4|          -|          -|     8|    no    |
        |- Loop 58  |   32|   32|         4|          -|          -|     8|    no    |
        |- Loop 59  |   32|   32|         4|          -|          -|     8|    no    |
        |- Loop 60  |   32|   32|         4|          -|          -|     8|    no    |
        |- Loop 61  |   32|   32|         4|          -|          -|     8|    no    |
        |- Loop 62  |   32|   32|         4|          -|          -|     8|    no    |
        |- Loop 63  |   32|   32|         4|          -|          -|     8|    no    |
        |- Loop 64  |   32|   32|         4|          -|          -|     8|    no    |
        +-----------+-----+-----+----------+-----------+-----------+------+----------+



================================================================
== Utilization Estimates
================================================================
* Summary: 
+-----------------+---------+-------+-------+------+
|       Name      | BRAM_18K| DSP48E|   FF  |  LUT |
+-----------------+---------+-------+-------+------+
|DSP              |        -|      -|      -|     -|
|Expression       |        -|      6|      0|  2848|
|FIFO             |        -|      -|      -|     -|
|Instance         |        -|      -|      -|     -|
|Memory           |        -|      -|      -|     -|
|Multiplexer      |        -|      -|      -|  2647|
|Register         |        -|      -|    929|     -|
+-----------------+---------+-------+-------+------+
|Total            |        0|      6|    929|  5495|
+-----------------+---------+-------+-------+------+
|Available        |       40|     40|  16000|  8000|
+-----------------+---------+-------+-------+------+
|Utilization (%)  |        0|     15|      5|    68|
+-----------------+---------+-------+-------+------+

+ Detail: 
    * Instance: 
    N/A

    * DSP48: 
    N/A

    * Memory: 
    N/A

    * FIFO: 
    N/A

    * Expression: 
    +-------------------------+----------+-------+---+----+------------+------------+
    |      Variable Name      | Operation| DSP48E| FF| LUT| Bitwidth P0| Bitwidth P1|
    +-------------------------+----------+-------+---+----+------------+------------+
    |grp_fu_2453_p2           |     *    |      3|  0|  21|          32|          32|
    |grp_fu_2459_p2           |     *    |      3|  0|  21|          32|          32|
    |grp_fu_2473_p2           |     +    |      0|  0|  39|          32|          32|
    |grp_fu_2480_p2           |     +    |      0|  0|  39|          32|          32|
    |k_1_0_1_fu_2523_p2       |     +    |      0|  0|  13|           4|           1|
    |k_1_0_2_fu_2563_p2       |     +    |      0|  0|  13|           4|           1|
    |k_1_0_3_fu_2603_p2       |     +    |      0|  0|  13|           4|           1|
    |k_1_0_4_fu_2643_p2       |     +    |      0|  0|  13|           4|           1|
    |k_1_0_5_fu_2683_p2       |     +    |      0|  0|  13|           4|           1|
    |k_1_0_6_fu_2723_p2       |     +    |      0|  0|  13|           4|           1|
    |k_1_0_7_fu_2763_p2       |     +    |      0|  0|  13|           4|           1|
    |k_1_1_1_fu_2839_p2       |     +    |      0|  0|  13|           4|           1|
    |k_1_1_2_fu_2885_p2       |     +    |      0|  0|  13|           4|           1|
    |k_1_1_3_fu_2931_p2       |     +    |      0|  0|  13|           4|           1|
    |k_1_1_4_fu_2977_p2       |     +    |      0|  0|  13|           4|           1|
    |k_1_1_5_fu_3023_p2       |     +    |      0|  0|  13|           4|           1|
    |k_1_1_6_fu_3069_p2       |     +    |      0|  0|  13|           4|           1|
    |k_1_1_7_fu_3115_p2       |     +    |      0|  0|  13|           4|           1|
    |k_1_1_fu_2803_p2         |     +    |      0|  0|  13|           4|           1|
    |k_1_2_1_fu_3195_p2       |     +    |      0|  0|  13|           4|           1|
    |k_1_2_2_fu_3239_p2       |     +    |      0|  0|  13|           4|           1|
    |k_1_2_3_fu_3283_p2       |     +    |      0|  0|  13|           4|           1|
    |k_1_2_4_fu_3327_p2       |     +    |      0|  0|  13|           4|           1|
    |k_1_2_5_fu_3371_p2       |     +    |      0|  0|  13|           4|           1|
    |k_1_2_6_fu_3415_p2       |     +    |      0|  0|  13|           4|           1|
    |k_1_2_7_fu_3459_p2       |     +    |      0|  0|  13|           4|           1|
    |k_1_2_fu_3161_p2         |     +    |      0|  0|  13|           4|           1|
    |k_1_3_1_fu_3543_p2       |     +    |      0|  0|  13|           4|           1|
    |k_1_3_2_fu_3593_p2       |     +    |      0|  0|  13|           4|           1|
    |k_1_3_3_fu_3643_p2       |     +    |      0|  0|  13|           4|           1|
    |k_1_3_4_fu_3693_p2       |     +    |      0|  0|  13|           4|           1|
    |k_1_3_5_fu_3743_p2       |     +    |      0|  0|  13|           4|           1|
    |k_1_3_6_fu_3793_p2       |     +    |      0|  0|  13|           4|           1|
    |k_1_3_7_fu_3843_p2       |     +    |      0|  0|  13|           4|           1|
    |k_1_3_fu_3503_p2         |     +    |      0|  0|  13|           4|           1|
    |k_1_4_1_fu_3927_p2       |     +    |      0|  0|  13|           4|           1|
    |k_1_4_2_fu_3971_p2       |     +    |      0|  0|  13|           4|           1|
    |k_1_4_3_fu_4015_p2       |     +    |      0|  0|  13|           4|           1|
    |k_1_4_4_fu_4059_p2       |     +    |      0|  0|  13|           4|           1|
    |k_1_4_5_fu_4103_p2       |     +    |      0|  0|  13|           4|           1|
    |k_1_4_6_fu_4147_p2       |     +    |      0|  0|  13|           4|           1|
    |k_1_4_7_fu_4191_p2       |     +    |      0|  0|  13|           4|           1|
    |k_1_4_fu_3893_p2         |     +    |      0|  0|  13|           4|           1|
    |k_1_5_1_fu_4275_p2       |     +    |      0|  0|  13|           4|           1|
    |k_1_5_2_fu_4325_p2       |     +    |      0|  0|  13|           4|           1|
    |k_1_5_3_fu_4375_p2       |     +    |      0|  0|  13|           4|           1|
    |k_1_5_4_fu_4425_p2       |     +    |      0|  0|  13|           4|           1|
    |k_1_5_5_fu_4475_p2       |     +    |      0|  0|  13|           4|           1|
    |k_1_5_6_fu_4525_p2       |     +    |      0|  0|  13|           4|           1|
    |k_1_5_7_fu_4575_p2       |     +    |      0|  0|  13|           4|           1|
    |k_1_5_fu_4235_p2         |     +    |      0|  0|  13|           4|           1|
    |k_1_6_1_fu_4659_p2       |     +    |      0|  0|  13|           4|           1|
    |k_1_6_2_fu_4703_p2       |     +    |      0|  0|  13|           4|           1|
    |k_1_6_3_fu_4747_p2       |     +    |      0|  0|  13|           4|           1|
    |k_1_6_4_fu_4791_p2       |     +    |      0|  0|  13|           4|           1|
    |k_1_6_5_fu_4835_p2       |     +    |      0|  0|  13|           4|           1|
    |k_1_6_6_fu_4879_p2       |     +    |      0|  0|  13|           4|           1|
    |k_1_6_7_fu_4923_p2       |     +    |      0|  0|  13|           4|           1|
    |k_1_6_fu_4625_p2         |     +    |      0|  0|  13|           4|           1|
    |k_1_7_1_fu_5007_p2       |     +    |      0|  0|  13|           4|           1|
    |k_1_7_2_fu_5057_p2       |     +    |      0|  0|  13|           4|           1|
    |k_1_7_3_fu_5107_p2       |     +    |      0|  0|  13|           4|           1|
    |k_1_7_4_fu_5157_p2       |     +    |      0|  0|  13|           4|           1|
    |k_1_7_5_fu_5207_p2       |     +    |      0|  0|  13|           4|           1|
    |k_1_7_6_fu_5257_p2       |     +    |      0|  0|  13|           4|           1|
    |k_1_7_7_fu_5307_p2       |     +    |      0|  0|  13|           4|           1|
    |k_1_7_fu_4967_p2         |     +    |      0|  0|  13|           4|           1|
    |k_1_fu_2493_p2           |     +    |      0|  0|  13|           4|           1|
    |tmp_213_fu_4245_p2       |     +    |      0|  0|  15|           6|           6|
    |tmp_216_fu_4285_p2       |     +    |      0|  0|  15|           6|           6|
    |tmp_220_fu_4335_p2       |     +    |      0|  0|  15|           6|           6|
    |tmp_224_fu_4385_p2       |     +    |      0|  0|  15|           6|           6|
    |tmp_228_fu_4435_p2       |     +    |      0|  0|  15|           6|           6|
    |tmp_232_fu_4485_p2       |     +    |      0|  0|  15|           6|           6|
    |tmp_236_fu_4535_p2       |     +    |      0|  0|  15|           6|           6|
    |tmp_240_fu_4585_p2       |     +    |      0|  0|  15|           6|           6|
    |exitcond_0_1_fu_2517_p2  |   icmp   |      0|  0|  11|           4|           5|
    |exitcond_0_2_fu_2557_p2  |   icmp   |      0|  0|  11|           4|           5|
    |exitcond_0_3_fu_2597_p2  |   icmp   |      0|  0|  11|           4|           5|
    |exitcond_0_4_fu_2637_p2  |   icmp   |      0|  0|  11|           4|           5|
    |exitcond_0_5_fu_2677_p2  |   icmp   |      0|  0|  11|           4|           5|
    |exitcond_0_6_fu_2717_p2  |   icmp   |      0|  0|  11|           4|           5|
    |exitcond_0_7_fu_2757_p2  |   icmp   |      0|  0|  11|           4|           5|
    |exitcond_1_1_fu_2833_p2  |   icmp   |      0|  0|  11|           4|           5|
    |exitcond_1_2_fu_2879_p2  |   icmp   |      0|  0|  11|           4|           5|
    |exitcond_1_3_fu_2925_p2  |   icmp   |      0|  0|  11|           4|           5|
    |exitcond_1_4_fu_2971_p2  |   icmp   |      0|  0|  11|           4|           5|
    |exitcond_1_5_fu_3017_p2  |   icmp   |      0|  0|  11|           4|           5|
    |exitcond_1_6_fu_3063_p2  |   icmp   |      0|  0|  11|           4|           5|
    |exitcond_1_7_fu_3109_p2  |   icmp   |      0|  0|  11|           4|           5|
    |exitcond_1_fu_2797_p2    |   icmp   |      0|  0|  11|           4|           5|
    |exitcond_2_1_fu_3189_p2  |   icmp   |      0|  0|  11|           4|           5|
    |exitcond_2_2_fu_3233_p2  |   icmp   |      0|  0|  11|           4|           5|
    |exitcond_2_3_fu_3277_p2  |   icmp   |      0|  0|  11|           4|           5|
    |exitcond_2_4_fu_3321_p2  |   icmp   |      0|  0|  11|           4|           5|
    |exitcond_2_5_fu_3365_p2  |   icmp   |      0|  0|  11|           4|           5|
    |exitcond_2_6_fu_3409_p2  |   icmp   |      0|  0|  11|           4|           5|
    |exitcond_2_7_fu_3453_p2  |   icmp   |      0|  0|  11|           4|           5|
    |exitcond_2_fu_3155_p2    |   icmp   |      0|  0|  11|           4|           5|
    |exitcond_3_1_fu_3537_p2  |   icmp   |      0|  0|  11|           4|           5|
    |exitcond_3_2_fu_3587_p2  |   icmp   |      0|  0|  11|           4|           5|
    |exitcond_3_3_fu_3637_p2  |   icmp   |      0|  0|  11|           4|           5|
    |exitcond_3_4_fu_3687_p2  |   icmp   |      0|  0|  11|           4|           5|
    |exitcond_3_5_fu_3737_p2  |   icmp   |      0|  0|  11|           4|           5|
    |exitcond_3_6_fu_3787_p2  |   icmp   |      0|  0|  11|           4|           5|
    |exitcond_3_7_fu_3837_p2  |   icmp   |      0|  0|  11|           4|           5|
    |exitcond_3_fu_3497_p2    |   icmp   |      0|  0|  11|           4|           5|
    |exitcond_4_1_fu_3921_p2  |   icmp   |      0|  0|  11|           4|           5|
    |exitcond_4_2_fu_3965_p2  |   icmp   |      0|  0|  11|           4|           5|
    |exitcond_4_3_fu_4009_p2  |   icmp   |      0|  0|  11|           4|           5|
    |exitcond_4_4_fu_4053_p2  |   icmp   |      0|  0|  11|           4|           5|
    |exitcond_4_5_fu_4097_p2  |   icmp   |      0|  0|  11|           4|           5|
    |exitcond_4_6_fu_4141_p2  |   icmp   |      0|  0|  11|           4|           5|
    |exitcond_4_7_fu_4185_p2  |   icmp   |      0|  0|  11|           4|           5|
    |exitcond_4_fu_3887_p2    |   icmp   |      0|  0|  11|           4|           5|
    |exitcond_5_1_fu_4269_p2  |   icmp   |      0|  0|  11|           4|           5|
    |exitcond_5_2_fu_4319_p2  |   icmp   |      0|  0|  11|           4|           5|
    |exitcond_5_3_fu_4369_p2  |   icmp   |      0|  0|  11|           4|           5|
    |exitcond_5_4_fu_4419_p2  |   icmp   |      0|  0|  11|           4|           5|
    |exitcond_5_5_fu_4469_p2  |   icmp   |      0|  0|  11|           4|           5|
    |exitcond_5_6_fu_4519_p2  |   icmp   |      0|  0|  11|           4|           5|
    |exitcond_5_7_fu_4569_p2  |   icmp   |      0|  0|  11|           4|           5|
    |exitcond_5_fu_4229_p2    |   icmp   |      0|  0|  11|           4|           5|
    |exitcond_6_1_fu_4653_p2  |   icmp   |      0|  0|  11|           4|           5|
    |exitcond_6_2_fu_4697_p2  |   icmp   |      0|  0|  11|           4|           5|
    |exitcond_6_3_fu_4741_p2  |   icmp   |      0|  0|  11|           4|           5|
    |exitcond_6_4_fu_4785_p2  |   icmp   |      0|  0|  11|           4|           5|
    |exitcond_6_5_fu_4829_p2  |   icmp   |      0|  0|  11|           4|           5|
    |exitcond_6_6_fu_4873_p2  |   icmp   |      0|  0|  11|           4|           5|
    |exitcond_6_7_fu_4917_p2  |   icmp   |      0|  0|  11|           4|           5|
    |exitcond_6_fu_4619_p2    |   icmp   |      0|  0|  11|           4|           5|
    |exitcond_7_1_fu_5001_p2  |   icmp   |      0|  0|  11|           4|           5|
    |exitcond_7_2_fu_5051_p2  |   icmp   |      0|  0|  11|           4|           5|
    |exitcond_7_3_fu_5101_p2  |   icmp   |      0|  0|  11|           4|           5|
    |exitcond_7_4_fu_5151_p2  |   icmp   |      0|  0|  11|           4|           5|
    |exitcond_7_5_fu_5201_p2  |   icmp   |      0|  0|  11|           4|           5|
    |exitcond_7_6_fu_5251_p2  |   icmp   |      0|  0|  11|           4|           5|
    |exitcond_7_7_fu_5301_p2  |   icmp   |      0|  0|  11|           4|           5|
    |exitcond_7_fu_4961_p2    |   icmp   |      0|  0|  11|           4|           5|
    |exitcond_fu_2487_p2      |   icmp   |      0|  0|  11|           4|           5|
    |tmp_102_fu_2956_p2       |    or    |      0|  0|  14|           7|           2|
    |tmp_106_fu_3002_p2       |    or    |      0|  0|  14|           7|           3|
    |tmp_110_fu_3048_p2       |    or    |      0|  0|  14|           7|           3|
    |tmp_114_fu_3094_p2       |    or    |      0|  0|  14|           7|           3|
    |tmp_118_fu_3140_p2       |    or    |      0|  0|  14|           7|           3|
    |tmp_125_fu_3218_p2       |    or    |      0|  0|  14|           7|           1|
    |tmp_129_fu_3262_p2       |    or    |      0|  0|  14|           7|           2|
    |tmp_133_fu_3306_p2       |    or    |      0|  0|  14|           7|           2|
    |tmp_137_fu_3350_p2       |    or    |      0|  0|  14|           7|           3|
    |tmp_141_fu_3394_p2       |    or    |      0|  0|  14|           7|           3|
    |tmp_145_fu_3438_p2       |    or    |      0|  0|  14|           7|           3|
    |tmp_149_fu_3482_p2       |    or    |      0|  0|  14|           7|           3|
    |tmp_156_fu_3572_p2       |    or    |      0|  0|  14|           7|           1|
    |tmp_160_fu_3622_p2       |    or    |      0|  0|  14|           7|           2|
    |tmp_164_fu_3672_p2       |    or    |      0|  0|  14|           7|           2|
    |tmp_168_fu_3722_p2       |    or    |      0|  0|  14|           7|           3|
    |tmp_172_fu_3772_p2       |    or    |      0|  0|  14|           7|           3|
    |tmp_176_fu_3822_p2       |    or    |      0|  0|  14|           7|           3|
    |tmp_180_fu_3872_p2       |    or    |      0|  0|  14|           7|           3|
    |tmp_187_fu_3950_p2       |    or    |      0|  0|  14|           7|           1|
    |tmp_191_fu_3994_p2       |    or    |      0|  0|  14|           7|           2|
    |tmp_195_fu_4038_p2       |    or    |      0|  0|  14|           7|           2|
    |tmp_199_fu_4082_p2       |    or    |      0|  0|  14|           7|           3|
    |tmp_203_fu_4126_p2       |    or    |      0|  0|  14|           7|           3|
    |tmp_207_fu_4170_p2       |    or    |      0|  0|  14|           7|           3|
    |tmp_211_fu_4214_p2       |    or    |      0|  0|  14|           7|           3|
    |tmp_218_fu_4304_p2       |    or    |      0|  0|  14|           7|           1|
    |tmp_222_fu_4354_p2       |    or    |      0|  0|  14|           7|           2|
    |tmp_226_fu_4404_p2       |    or    |      0|  0|  14|           7|           2|
    |tmp_230_fu_4454_p2       |    or    |      0|  0|  14|           7|           3|
    |tmp_234_fu_4504_p2       |    or    |      0|  0|  14|           7|           3|
    |tmp_238_fu_4554_p2       |    or    |      0|  0|  14|           7|           3|
    |tmp_242_fu_4604_p2       |    or    |      0|  0|  14|           7|           3|
    |tmp_249_fu_4682_p2       |    or    |      0|  0|  14|           7|           1|
    |tmp_253_fu_4726_p2       |    or    |      0|  0|  14|           7|           2|
    |tmp_257_fu_4770_p2       |    or    |      0|  0|  14|           7|           2|
    |tmp_261_fu_4814_p2       |    or    |      0|  0|  14|           7|           3|
    |tmp_265_fu_4858_p2       |    or    |      0|  0|  14|           7|           3|
    |tmp_269_fu_4902_p2       |    or    |      0|  0|  14|           7|           3|
    |tmp_273_fu_4946_p2       |    or    |      0|  0|  14|           7|           3|
    |tmp_280_fu_5036_p2       |    or    |      0|  0|  14|           7|           1|
    |tmp_284_fu_5086_p2       |    or    |      0|  0|  14|           7|           2|
    |tmp_288_fu_5136_p2       |    or    |      0|  0|  14|           7|           2|
    |tmp_292_fu_5186_p2       |    or    |      0|  0|  14|           7|           3|
    |tmp_296_fu_5236_p2       |    or    |      0|  0|  14|           7|           3|
    |tmp_300_fu_5286_p2       |    or    |      0|  0|  14|           7|           3|
    |tmp_304_fu_5336_p2       |    or    |      0|  0|  14|           7|           3|
    |tmp_69_fu_2542_p2        |    or    |      0|  0|  14|           7|           1|
    |tmp_72_fu_2582_p2        |    or    |      0|  0|  14|           7|           2|
    |tmp_75_fu_2622_p2        |    or    |      0|  0|  14|           7|           2|
    |tmp_78_fu_2662_p2        |    or    |      0|  0|  14|           7|           3|
    |tmp_81_fu_2702_p2        |    or    |      0|  0|  14|           7|           3|
    |tmp_84_fu_2742_p2        |    or    |      0|  0|  14|           7|           3|
    |tmp_87_fu_2782_p2        |    or    |      0|  0|  14|           7|           3|
    |tmp_94_fu_2864_p2        |    or    |      0|  0|  14|           7|           1|
    |tmp_98_fu_2910_p2        |    or    |      0|  0|  14|           7|           2|
    |tmp_100_fu_2937_p2       |    xor   |      0|  0|  12|           4|           5|
    |tmp_104_fu_2983_p2       |    xor   |      0|  0|  12|           4|           5|
    |tmp_108_fu_3029_p2       |    xor   |      0|  0|  12|           4|           5|
    |tmp_112_fu_3075_p2       |    xor   |      0|  0|  12|           4|           5|
    |tmp_116_fu_3121_p2       |    xor   |      0|  0|  12|           4|           5|
    |tmp_151_fu_3509_p2       |    xor   |      0|  0|  12|           4|           5|
    |tmp_154_fu_3549_p2       |    xor   |      0|  0|  12|           4|           5|
    |tmp_158_fu_3599_p2       |    xor   |      0|  0|  12|           4|           5|
    |tmp_162_fu_3649_p2       |    xor   |      0|  0|  12|           4|           5|
    |tmp_166_fu_3699_p2       |    xor   |      0|  0|  12|           4|           5|
    |tmp_170_fu_3749_p2       |    xor   |      0|  0|  12|           4|           5|
    |tmp_174_fu_3799_p2       |    xor   |      0|  0|  12|           4|           5|
    |tmp_178_fu_3849_p2       |    xor   |      0|  0|  12|           4|           5|
    |tmp_275_fu_4973_p2       |    xor   |      0|  0|  12|           4|           5|
    |tmp_278_fu_5013_p2       |    xor   |      0|  0|  12|           4|           5|
    |tmp_282_fu_5063_p2       |    xor   |      0|  0|  12|           4|           5|
    |tmp_286_fu_5113_p2       |    xor   |      0|  0|  12|           4|           5|
    |tmp_290_fu_5163_p2       |    xor   |      0|  0|  12|           4|           5|
    |tmp_294_fu_5213_p2       |    xor   |      0|  0|  12|           4|           5|
    |tmp_298_fu_5263_p2       |    xor   |      0|  0|  12|           4|           5|
    |tmp_302_fu_5313_p2       |    xor   |      0|  0|  12|           4|           5|
    |tmp_89_fu_2809_p2        |    xor   |      0|  0|  12|           4|           5|
    |tmp_92_fu_2845_p2        |    xor   |      0|  0|  12|           4|           5|
    |tmp_96_fu_2891_p2        |    xor   |      0|  0|  12|           4|           5|
    +-------------------------+----------+-------+---+----+------------+------------+
    |Total                    |          |      6|  0|2848|        1176|         816|
    +-------------------------+----------+-------+---+----+------------+------------+

    * Multiplexer: 
    +------------------+------+-----------+-----+-----------+
    |       Name       |  LUT | Input Size| Bits| Total Bits|
    +------------------+------+-----------+-----+-----------+
    |A_address0        |   293|         65|    6|        390|
    |B_address0        |   293|         65|    6|        390|
    |C_address0        |   293|         65|    6|        390|
    |C_d0              |    15|          3|   32|         96|
    |ap_NS_fsm         |  1177|        258|    1|        258|
    |k_0_1_reg_1748    |     9|          2|    4|          8|
    |k_0_2_reg_1759    |     9|          2|    4|          8|
    |k_0_3_reg_1770    |     9|          2|    4|          8|
    |k_0_4_reg_1781    |     9|          2|    4|          8|
    |k_0_5_reg_1792    |     9|          2|    4|          8|
    |k_0_6_reg_1803    |     9|          2|    4|          8|
    |k_0_7_reg_1814    |     9|          2|    4|          8|
    |k_110_1_reg_1836  |     9|          2|    4|          8|
    |k_110_2_reg_1847  |     9|          2|    4|          8|
    |k_110_3_reg_1858  |     9|          2|    4|          8|
    |k_110_4_reg_1869  |     9|          2|    4|          8|
    |k_110_5_reg_1880  |     9|          2|    4|          8|
    |k_110_6_reg_1891  |     9|          2|    4|          8|
    |k_110_7_reg_1902  |     9|          2|    4|          8|
    |k_2_1_reg_1924    |     9|          2|    4|          8|
    |k_2_2_reg_1935    |     9|          2|    4|          8|
    |k_2_3_reg_1946    |     9|          2|    4|          8|
    |k_2_4_reg_1957    |     9|          2|    4|          8|
    |k_2_5_reg_1968    |     9|          2|    4|          8|
    |k_2_6_reg_1979    |     9|          2|    4|          8|
    |k_2_7_reg_1990    |     9|          2|    4|          8|
    |k_2_reg_1913      |     9|          2|    4|          8|
    |k_3_1_reg_2012    |     9|          2|    4|          8|
    |k_3_2_reg_2023    |     9|          2|    4|          8|
    |k_3_3_reg_2034    |     9|          2|    4|          8|
    |k_3_4_reg_2045    |     9|          2|    4|          8|
    |k_3_5_reg_2056    |     9|          2|    4|          8|
    |k_3_6_reg_2067    |     9|          2|    4|          8|
    |k_3_7_reg_2078    |     9|          2|    4|          8|
    |k_3_reg_2001      |     9|          2|    4|          8|
    |k_4_1_reg_2100    |     9|          2|    4|          8|
    |k_4_2_reg_2111    |     9|          2|    4|          8|
    |k_4_3_reg_2122    |     9|          2|    4|          8|
    |k_4_4_reg_2133    |     9|          2|    4|          8|
    |k_4_5_reg_2144    |     9|          2|    4|          8|
    |k_4_6_reg_2155    |     9|          2|    4|          8|
    |k_4_7_reg_2166    |     9|          2|    4|          8|
    |k_4_reg_2089      |     9|          2|    4|          8|
    |k_5_1_reg_2188    |     9|          2|    4|          8|
    |k_5_2_reg_2199    |     9|          2|    4|          8|
    |k_5_3_reg_2210    |     9|          2|    4|          8|
    |k_5_4_reg_2221    |     9|          2|    4|          8|
    |k_5_5_reg_2232    |     9|          2|    4|          8|
    |k_5_6_reg_2243    |     9|          2|    4|          8|
    |k_5_7_reg_2254    |     9|          2|    4|          8|
    |k_5_reg_2177      |     9|          2|    4|          8|
    |k_6_1_reg_2276    |     9|          2|    4|          8|
    |k_6_2_reg_2287    |     9|          2|    4|          8|
    |k_6_3_reg_2298    |     9|          2|    4|          8|
    |k_6_4_reg_2309    |     9|          2|    4|          8|
    |k_6_5_reg_2320    |     9|          2|    4|          8|
    |k_6_6_reg_2331    |     9|          2|    4|          8|
    |k_6_7_reg_2342    |     9|          2|    4|          8|
    |k_6_reg_2265      |     9|          2|    4|          8|
    |k_7_1_reg_2364    |     9|          2|    4|          8|
    |k_7_2_reg_2375    |     9|          2|    4|          8|
    |k_7_3_reg_2386    |     9|          2|    4|          8|
    |k_7_4_reg_2397    |     9|          2|    4|          8|
    |k_7_5_reg_2408    |     9|          2|    4|          8|
    |k_7_6_reg_2419    |     9|          2|    4|          8|
    |k_7_7_reg_2430    |     9|          2|    4|          8|
    |k_7_reg_2353      |     9|          2|    4|          8|
    |k_reg_1737        |     9|          2|    4|          8|
    |k_s_reg_1825      |     9|          2|    4|          8|
    +------------------+------+-----------+-----+-----------+
    |Total             |  2647|        584|  307|       2036|
    +------------------+------+-----------+-----+-----------+

    * Register: 
    +------------------+-----+----+-----+-----------+
    |       Name       |  FF | LUT| Bits| Const Bits|
    +------------------+-----+----+-----+-----------+
    |ap_CS_fsm         |  257|   0|  257|          0|
    |k_0_1_reg_1748    |    4|   0|    4|          0|
    |k_0_2_reg_1759    |    4|   0|    4|          0|
    |k_0_3_reg_1770    |    4|   0|    4|          0|
    |k_0_4_reg_1781    |    4|   0|    4|          0|
    |k_0_5_reg_1792    |    4|   0|    4|          0|
    |k_0_6_reg_1803    |    4|   0|    4|          0|
    |k_0_7_reg_1814    |    4|   0|    4|          0|
    |k_110_1_reg_1836  |    4|   0|    4|          0|
    |k_110_2_reg_1847  |    4|   0|    4|          0|
    |k_110_3_reg_1858  |    4|   0|    4|          0|
    |k_110_4_reg_1869  |    4|   0|    4|          0|
    |k_110_5_reg_1880  |    4|   0|    4|          0|
    |k_110_6_reg_1891  |    4|   0|    4|          0|
    |k_110_7_reg_1902  |    4|   0|    4|          0|
    |k_1_0_1_reg_5692  |    4|   0|    4|          0|
    |k_1_0_2_reg_5710  |    4|   0|    4|          0|
    |k_1_0_3_reg_5728  |    4|   0|    4|          0|
    |k_1_0_4_reg_5746  |    4|   0|    4|          0|
    |k_1_0_5_reg_5764  |    4|   0|    4|          0|
    |k_1_0_6_reg_5782  |    4|   0|    4|          0|
    |k_1_0_7_reg_5800  |    4|   0|    4|          0|
    |k_1_1_1_reg_5836  |    4|   0|    4|          0|
    |k_1_1_2_reg_5854  |    4|   0|    4|          0|
    |k_1_1_3_reg_5872  |    4|   0|    4|          0|
    |k_1_1_4_reg_5890  |    4|   0|    4|          0|
    |k_1_1_5_reg_5908  |    4|   0|    4|          0|
    |k_1_1_6_reg_5926  |    4|   0|    4|          0|
    |k_1_1_7_reg_5944  |    4|   0|    4|          0|
    |k_1_1_reg_5818    |    4|   0|    4|          0|
    |k_1_2_1_reg_5980  |    4|   0|    4|          0|
    |k_1_2_2_reg_5998  |    4|   0|    4|          0|
    |k_1_2_3_reg_6016  |    4|   0|    4|          0|
    |k_1_2_4_reg_6034  |    4|   0|    4|          0|
    |k_1_2_5_reg_6052  |    4|   0|    4|          0|
    |k_1_2_6_reg_6070  |    4|   0|    4|          0|
    |k_1_2_7_reg_6088  |    4|   0|    4|          0|
    |k_1_2_reg_5962    |    4|   0|    4|          0|
    |k_1_3_1_reg_6124  |    4|   0|    4|          0|
    |k_1_3_2_reg_6142  |    4|   0|    4|          0|
    |k_1_3_3_reg_6160  |    4|   0|    4|          0|
    |k_1_3_4_reg_6178  |    4|   0|    4|          0|
    |k_1_3_5_reg_6196  |    4|   0|    4|          0|
    |k_1_3_6_reg_6214  |    4|   0|    4|          0|
    |k_1_3_7_reg_6232  |    4|   0|    4|          0|
    |k_1_3_reg_6106    |    4|   0|    4|          0|
    |k_1_4_1_reg_6268  |    4|   0|    4|          0|
    |k_1_4_2_reg_6286  |    4|   0|    4|          0|
    |k_1_4_3_reg_6304  |    4|   0|    4|          0|
    |k_1_4_4_reg_6322  |    4|   0|    4|          0|
    |k_1_4_5_reg_6340  |    4|   0|    4|          0|
    |k_1_4_6_reg_6358  |    4|   0|    4|          0|
    |k_1_4_7_reg_6376  |    4|   0|    4|          0|
    |k_1_4_reg_6250    |    4|   0|    4|          0|
    |k_1_5_1_reg_6412  |    4|   0|    4|          0|
    |k_1_5_2_reg_6430  |    4|   0|    4|          0|
    |k_1_5_3_reg_6448  |    4|   0|    4|          0|
    |k_1_5_4_reg_6466  |    4|   0|    4|          0|
    |k_1_5_5_reg_6484  |    4|   0|    4|          0|
    |k_1_5_6_reg_6502  |    4|   0|    4|          0|
    |k_1_5_7_reg_6520  |    4|   0|    4|          0|
    |k_1_5_reg_6394    |    4|   0|    4|          0|
    |k_1_6_1_reg_6556  |    4|   0|    4|          0|
    |k_1_6_2_reg_6574  |    4|   0|    4|          0|
    |k_1_6_3_reg_6592  |    4|   0|    4|          0|
    |k_1_6_4_reg_6610  |    4|   0|    4|          0|
    |k_1_6_5_reg_6628  |    4|   0|    4|          0|
    |k_1_6_6_reg_6646  |    4|   0|    4|          0|
    |k_1_6_7_reg_6664  |    4|   0|    4|          0|
    |k_1_6_reg_6538    |    4|   0|    4|          0|
    |k_1_7_1_reg_6700  |    4|   0|    4|          0|
    |k_1_7_2_reg_6718  |    4|   0|    4|          0|
    |k_1_7_3_reg_6736  |    4|   0|    4|          0|
    |k_1_7_4_reg_6754  |    4|   0|    4|          0|
    |k_1_7_5_reg_6772  |    4|   0|    4|          0|
    |k_1_7_6_reg_6790  |    4|   0|    4|          0|
    |k_1_7_7_reg_6808  |    4|   0|    4|          0|
    |k_1_7_reg_6682    |    4|   0|    4|          0|
    |k_1_reg_5674      |    4|   0|    4|          0|
    |k_2_1_reg_1924    |    4|   0|    4|          0|
    |k_2_2_reg_1935    |    4|   0|    4|          0|
    |k_2_3_reg_1946    |    4|   0|    4|          0|
    |k_2_4_reg_1957    |    4|   0|    4|          0|
    |k_2_5_reg_1968    |    4|   0|    4|          0|
    |k_2_6_reg_1979    |    4|   0|    4|          0|
    |k_2_7_reg_1990    |    4|   0|    4|          0|
    |k_2_reg_1913      |    4|   0|    4|          0|
    |k_3_1_reg_2012    |    4|   0|    4|          0|
    |k_3_2_reg_2023    |    4|   0|    4|          0|
    |k_3_3_reg_2034    |    4|   0|    4|          0|
    |k_3_4_reg_2045    |    4|   0|    4|          0|
    |k_3_5_reg_2056    |    4|   0|    4|          0|
    |k_3_6_reg_2067    |    4|   0|    4|          0|
    |k_3_7_reg_2078    |    4|   0|    4|          0|
    |k_3_reg_2001      |    4|   0|    4|          0|
    |k_4_1_reg_2100    |    4|   0|    4|          0|
    |k_4_2_reg_2111    |    4|   0|    4|          0|
    |k_4_3_reg_2122    |    4|   0|    4|          0|
    |k_4_4_reg_2133    |    4|   0|    4|          0|
    |k_4_5_reg_2144    |    4|   0|    4|          0|
    |k_4_6_reg_2155    |    4|   0|    4|          0|
    |k_4_7_reg_2166    |    4|   0|    4|          0|
    |k_4_reg_2089      |    4|   0|    4|          0|
    |k_5_1_reg_2188    |    4|   0|    4|          0|
    |k_5_2_reg_2199    |    4|   0|    4|          0|
    |k_5_3_reg_2210    |    4|   0|    4|          0|
    |k_5_4_reg_2221    |    4|   0|    4|          0|
    |k_5_5_reg_2232    |    4|   0|    4|          0|
    |k_5_6_reg_2243    |    4|   0|    4|          0|
    |k_5_7_reg_2254    |    4|   0|    4|          0|
    |k_5_reg_2177      |    4|   0|    4|          0|
    |k_6_1_reg_2276    |    4|   0|    4|          0|
    |k_6_2_reg_2287    |    4|   0|    4|          0|
    |k_6_3_reg_2298    |    4|   0|    4|          0|
    |k_6_4_reg_2309    |    4|   0|    4|          0|
    |k_6_5_reg_2320    |    4|   0|    4|          0|
    |k_6_6_reg_2331    |    4|   0|    4|          0|
    |k_6_7_reg_2342    |    4|   0|    4|          0|
    |k_6_reg_2265      |    4|   0|    4|          0|
    |k_7_1_reg_2364    |    4|   0|    4|          0|
    |k_7_2_reg_2375    |    4|   0|    4|          0|
    |k_7_3_reg_2386    |    4|   0|    4|          0|
    |k_7_4_reg_2397    |    4|   0|    4|          0|
    |k_7_5_reg_2408    |    4|   0|    4|          0|
    |k_7_6_reg_2419    |    4|   0|    4|          0|
    |k_7_7_reg_2430    |    4|   0|    4|          0|
    |k_7_reg_2353      |    4|   0|    4|          0|
    |k_reg_1737        |    4|   0|    4|          0|
    |k_s_reg_1825      |    4|   0|    4|          0|
    |reg_2441          |   32|   0|   32|          0|
    |reg_2445          |   32|   0|   32|          0|
    |reg_2449          |   32|   0|   32|          0|
    |reg_2465          |   32|   0|   32|          0|
    |reg_2469          |   32|   0|   32|          0|
    +------------------+-----+----+-----+-----------+
    |Total             |  929|   0|  929|          0|
    +------------------+-----+----+-----+-----------+



================================================================
== Interface
================================================================
* Summary: 
+------------+-----+-----+------------+--------------+--------------+
|  RTL Ports | Dir | Bits|  Protocol  | Source Object|    C Type    |
+------------+-----+-----+------------+--------------+--------------+
|ap_clk      |  in |    1| ap_ctrl_hs |     mul1     | return value |
|ap_rst      |  in |    1| ap_ctrl_hs |     mul1     | return value |
|ap_start    |  in |    1| ap_ctrl_hs |     mul1     | return value |
|ap_done     | out |    1| ap_ctrl_hs |     mul1     | return value |
|ap_idle     | out |    1| ap_ctrl_hs |     mul1     | return value |
|ap_ready    | out |    1| ap_ctrl_hs |     mul1     | return value |
|A_address0  | out |    6|  ap_memory |       A      |     array    |
|A_ce0       | out |    1|  ap_memory |       A      |     array    |
|A_q0        |  in |   32|  ap_memory |       A      |     array    |
|B_address0  | out |    6|  ap_memory |       B      |     array    |
|B_ce0       | out |    1|  ap_memory |       B      |     array    |
|B_q0        |  in |   32|  ap_memory |       B      |     array    |
|C_address0  | out |    6|  ap_memory |       C      |     array    |
|C_ce0       | out |    1|  ap_memory |       C      |     array    |
|C_we0       | out |    1|  ap_memory |       C      |     array    |
|C_d0        | out |   32|  ap_memory |       C      |     array    |
|C_q0        |  in |   32|  ap_memory |       C      |     array    |
+------------+-----+-----+------------+--------------+--------------+

